      Tags:
        - Key: "environment"
          Value: !Ref Environment
        - Key: "service"
          Value: "splits-lite" # must match repo name
