          Image: !Sub "${AWS::AccountId}.dkr.ecr.${AWS::Region}.amazonaws.com/splits-lite:${LiteVersion}"
