AWSTemplateFormatVersion: "2010-09-09"

Resources:
  Cluster:
    Type: AWS::ECS::Cluster

  TaskDefinition:
    Type: AWS::ECS::TaskDefinition

Outputs:
  ServiceVersion:
    Value: "v0.2.0"
