  TaskDefinition:

    Type: AWS::ECS::TaskDefinition
