      ServiceRegistries:
        - ContainerName: !Sub "${AWS::StackName}-lite"
          RegistryArn: !GetAtt ServiceDiscovery.Arn
