


AWSTemplateFormatVersion: "2010-09-09"

Resources:
  Cluster:
    Type: AWS::ECS::Cluster

  Service:
    Type: AWS::ECS::Service

Outputs:

  ServiceVersion:
    Value: "v0.2.0"
